This is my docker project!
[root@docker ~]# mkdir docker
[root@docker ~]# cd docker
[root@docker docker]# vim dockerfile
[root@docker docker]# vim index.html
[root@docker docker]# docker docker ps
docker: 'docker' is not a docker command.
See 'docker --help'
[root@docker docker]# docker ps
CONTAINER ID        IMAGE               COMMAND             CREATED             STATUS              PORTS               NAMES
[root@docker docker]# docker build -t apache_demo .
Sending build context to Docker daemon 3.072 kB
Step 1/6 : FROM ubuntu
 ---> 4c108a37151f
Step 2/6 : RUN apt-get update
 ---> Running in 640a1fc64726

Get:1 http://security.ubuntu.com/ubuntu bionic-security InRelease [88.7 kB]
Get:2 http://archive.ubuntu.com/ubuntu bionic InRelease [242 kB]
Get:3 http://security.ubuntu.com/ubuntu bionic-security/restricted amd64 Packages [8385 B]
Get:4 http://security.ubuntu.com/ubuntu bionic-security/universe amd64 PackFROM ubuntu
 [646 kB]
Get:7 http://security.ubuntu.com/ubuntu bionic-security/multiverse amd64 Packages [4952 B]
Get:8 http://archive.ubuntu.com/ubuntu bionic-backports InRelease [74.6 kB]
Get:9 http://archive.ubuntu.com/ubuntu bionic/multiverse amd64 Packages [186 kB]
Get:10 http://archive.ubuntu.com/ubuntu bionic/restricted amd64 Packages [13.5 kB]
Get:11 http://archive.ubuntu.com/ubuntu bionic/universe amd64 Packages [11.3 MB]
FROM ubuntu
Get:12 http://archive.ubuntu.com/ubuntu bionic/main amd64 Packages [1344 kB]
Get:13 http://archive.ubuntu.com/ubuntu bionic-updates/multiverse amd64 Packages [7998 B]
Get:14 http://archive.ubuntu.com/ubuntu bionic-updates/main amd64 Packages [946 kB]
Get:15 http://archive.ubuntu.com/ubuntu bionic-updates/universe amd64 Packages [1284 kB]
Get:16 http://archive.ubuntu.com/ubuntu bionic-updates/restricted amd64 Packages [19.0 kB]
Get:17 http://archive.ubuntu.com/ubuntu bionic-backports/main amd64 Packages [2496 B]
Get:18 http://archive.ubuntu.com/ubuntu bionic-backports/universe amd64 Packages [4212 B]
Fetched 17.1 MB in 7s (2400 kB/s)
Reading package lists...
FROM ubuntu
 ---> 332338d32122
FROM ubuntu
Removing intermediate container 640a1fc64726
Step 3/6 : ADD apt-get -y install apache2
lstat apt-get: no such file or directory
[root@docker docker]# docker images
REPOSITORY              TAG                 IMAGE ID            CREATED             SIZE
<none>                  <none>              332338d32122        9 seconds ago       91.3 MB
docker.io/ubuntu        latest              4c108a37151f        2 months ago        64.2 MB
docker.io/hello-world   latest              fce289e99eb9        8 months ago        1.84 kB
docker.io/jenkins       latest              cd14cecfdb3a        14 months ago       696 MB
[root@docker docker]# vim dockerfile
[root@docker docker]# docker build -t apache_demo .
Sending build context to Docker daemon 3.072 kB
Step 1/7 : FROM ubuntu
 ---> 4c108a37151f
Step 2/7 : RUN apt-get update
 ---> Using cache
 ---> 332338d32122
Step 3/7 : ADD apt-get -y install apache2
lstat apt-get: no such file or directory
[root@docker docker]# vim dockerfile
[root@docker docker]# docker images
REPOSITORY              TAG                 IMAGE ID            CREATED             SIZE
<none>                  <none>              332338d32122        5 minutes ago       91.3 MB
docker.io/ubuntu        latest              4c108a37151f        2 months ago        64.2 MB
docker.io/hello-world   latest              fce289e99eb9        8 months ago        1.84 kB
docker.io/jenkins       latest              cd14cecfdb3a        14 months ago       696 MB
[root@docker docker]# docker build -t apache_demo .
Sending build context to Docker daemon 3.072 kB
Step 1/7 : FROM ubuntu
 ---> 4c108a37151f
Step 2/7 : RUN apt-get update
 ---> Using cache
 ---> 332338d32122
Step 3/7 : ADD apt-get -y install apache2
lstat apt-get: no such file or directory
[root@docker docker]# vim dockerfile
[root@docker docker]# vim dockerfile
[root@docker docker]# docker build -t apache_demo .
Sending build context to Docker daemon 3.072 kB
Step 1/7 : FROM ubuntu
 ---> 4c108a37151f
Step 2/7 : RUN apt-get update
 ---> Using cache
 ---> 332338d32122
Step 3/7 : RUN apt-get -y install apache2
 ---> Running in d92914e92c8e

Reading package lists...
Building dependency tree...
Reading state information...
The following additional packages will be installed:
  apache2-bin apache2-data apache2-utils file libapr1 libaprutil1
  libaprutil1-dbd-sqlite3 libaprutil1-ldap libasn1-8-heimdal libexpat1
  libgdbm-compat4 libgdbm5 libgssapi3-heimdal libhcrypto4-heimdal
les libsasl2-modules-db libsqlite3-0 libssl1.1 libwind0-heimdal
  libxml2 mime-support netbase openssl perl perl-modules-5.26 ssl-cert
  xz-utils
Suggested packages:
  www-browser apache2-doc apache2-suexec-pristine | apache2-suexec-custom ufw
  gdbm-l10n libsasl2-modules-gssapi-mit | libsasl2-modules-gssapi-heimdal
  libsasl2-modules-ldap libsasl2-modules-otp libsasl2-modules-sql
  ca-certificates perl-doc libterm-readline-gnu-perl
  | libterm-readline-perl-perl make openssl-blacklist
The following NEW packages will be installed:
  apache2 apache2-bin apache2-data apache2-utils file libapr1 libaprutil1
  libaprutil1-dbd-sqlite3 libaprutil1-ldap libasn1-8-heimdal libexpat1
  libgdbm-compat4 libgdbm5 libgssapi3-heimdal libhcrypto4-heimdal
  libheimbase1-heimdal libheimntlm0-heimdal libhx509-5-heimdal libicu60
  libkrb5-26-heimdal libldap-2.4-2 libldap-common liblua5.2-0 libmagic-mgc
  libmagic1 libnghttp2-14 libperl5.26 libroken18-heimdal libsasl2-2
  libsasl2-modules libsasl2-modules-db libsqlite3-0 libssl1.1 libwind0-heimdal
  libxml2 mime-support netbase openssl perl perl-modules-5.26 ssl-cert
  xz-utils
0 upgraded, 42 newly installed, 0 to remove and 22 not upgraded.
Need to get 21.0 MB of archives.
After this operation, 99.4 MB of additional disk space will be used.
Get:1 http://archive.ubuntu.com/ubuntu bionic-updates/main amd64 perl-modules-5.26 all 5.26.1-6ubuntu0.3 [2763 kB]
Get:2 http://archive.ubuntu.com/ubuntu bionic/main amd64 libgdbm5 amd64 1.14.1-6 [26.0 kB]
Get:3 http://archive.ubuntu.com/ubuntu bionic/main amd64 libgdbm-compat4 amd64 1.14.1-6 [6084 B]
Get:4 http://archive.ubuntu.com/ubuntu bionic-updates/main amd64 libperl5.26 amd64 5.26.1-6ubuntu0.3 [3527 kB]
Get:5 http://archive.ubuntu.com/ubuntu bionic-updates/main amd64 perl amd64 5.26.1-6ubuntu0.3 [201 kB]
Get:6 http://archive.ubuntu.com/ubuntu bionic/main amd64 mime-support all 3.60ubuntu1 [30.1 kB]
Get:7 http://archive.ubuntu.com/ubuntu bionic/main amd64 libapr1 amd64 1.6.3-2 [90.9 kB]
Get:8 http://archive.ubuntu.com/ubuntu bionic-updates/main amd64 libexpat1 amd64 2.2.5-3ubuntu0.1 [80.5 kB]
Get:9 http://archive.ubuntu.com/ubuntu bionic-updates/main amd64 libssl1.1 amd64 1.1.1-1ubuntu2.1~18.04.4 [1300 kB]
Get:10 http://archive.ubuntu.com/ubuntu bionic/main amd64 libaprutil1 amd64 1.6.1-2 [84.4 kB]
Get:11 http://archive.ubuntu.com/ubuntu bionic-updates/main amd64 libsqlite3-0 amd64 3.22.0-1ubuntu0.1 [497 kB]
Get:12 http://archive.ubuntu.com/ubuntu bionic/main amd64 libaprutil1-dbd-sqlite3 amd64 1.6.1-2 [10.6 kB]
Get:13 http://archive.ubuntu.com/ubuntu bionic/main amd64 libroken18-heimdal amd64 7.5.0+dfsg-1 [41.3 kB]
Get:14 http://archive.ubuntu.com/ubuntu bionic/main amd64 libasn1-8-heimdal
Get:15 http://archive.ubuntu.com/ubuntu bionic/main amd64 libheimbase1-heimdal amd64 7.5.0+dfsg-1 [29.3 kB]
Get:16 http://archive.ubuntu.com/ubuntu bionic/main amd64 libhcrypto4-heimdal amd64 7.5.0+dfsg-1 [85.9 kB]
Get:17 http://archive.ubuntu.com/ubuntu bionic/main amd64 libwind0-heimdal amd64 7.5.0+dfsg-1 [47.8 kB]
Get:18 http://archive.ubuntu.com/ubuntu bionic/main amd64 libhx509-5-heimdal amd64 7.5.0+dfsg-1 [107 kB]
Get:19 http://archive.ubuntu.com/ubuntu bionic/main amd64 libkrb5-26-heimdal amd64 7.5.0+dfsg-1 [206 kB]
Get:20 http://archive.ubuntu.com/ubuntu bionic/main amd64 libheimntlm0-heimdal amd64 7.5.0+dfsg-1 [14.8 kB]
Get:21 http://archive.ubuntu.com/ubuntu bionic/main amd64 libgssapi3-heimdal amd64 7.5.0+dfsg-1 [96.5 kB]
Get:22 http://archive.ubuntu.com/ubuntu bionic/main amd64 libsasl2-modules-db amd64 2.1.27~101-g0780600+dfsg-3ubuntu2 [14.8 kB]
Get:23 http://archive.ubuntu.com/ubuntu bionic/main amd64 libsasl2-2 amd64 2.1.27~101-g0780600+dfsg-3ubuntu2 [49.2 kB]
Get:24 http://archive.ubuntu.com/ubuntu bionic-updates/main amd64 libldap-common all 2.4.45+dfsg-1ubuntu1.4 [16.9 kB]
Get:25 http://archive.ubuntu.com/ubuntu bionic-updates/main amd64 libldap-2.4-2 amd64 2.4.45+dfsg-1ubuntu1.4 [155 kB]
Get:26 http://archive.ubuntu.com/ubuntu bionic/main amd64 libaprutil1-ldap amd64 1.6.1-2 [8764 B]
Get:27 http://archive.ubuntu.com/ubuntu bionic/main amd64 liblua5.2-0 amd64 5.2.4-1.1build1 [108 kB]
Get:28 http://archive.ubuntu.com/ubuntu bionic/main amd64 libnghttp2-14 amd64 1.30.0-1ubuntu1 [77.8 kB]
Get:29 http://archive.ubuntu.com/ubuntu bionic/main amd64 libicu60 amd64 60.2-3ubuntu3 [8054 kB]
Get:30 http://archive.ubuntu.com/ubuntu bionic-updates/main amd64 libxml2 amd64 2.9.4+dfsg1-6.1ubuntu1.2 [663 kB]
Get:31 http://archive.ubuntu.com/ubuntu bionic-updates/main amd64 apache2-bin amd64 2.4.29-1ubuntu4.10 [1071 kB]
Get:32 http://archive.ubuntu.com/ubuntu bionic-updates/main amd64 apache2-utils amd64 2.4.29-1ubuntu4.10 [83.9 kB]
Get:33 http://archive.ubuntu.com/ubuntu bionic-updates/main amd64 apache2-data all 2.4.29-1ubuntu4.10 [160 kB]
Get:34 http://archive.ubuntu.com/ubuntu bionic-updates/main amd64 apache2 amd64 2.4.29-1ubuntu4.10 [95.1 kB]
Get:35 http://archive.ubuntu.com/ubuntu bionic-updates/main amd64 libmagic-mgc amd64 1:5.32-2ubuntu0.2 [184 kB]
Get:36 http://archive.ubuntu.com/ubuntu bionic-updates/main amd64 libmagic1 amd64 1:5.32-2ubuntu0.2 [68.5 kB]
^C
[root@docker docker]# yum install docker.io
Loaded plugins: fastestmirror
Loading mirror speeds from cached hostfile
 * base: mirror.cogentco.com
 * epel: mirror.grid.uchicago.edu
 * extras: mirror.cogentco.com
 * updates: repos.forethought.net
No package docker.io available.
Error: Nothing to do
[root@docker docker]# docker build -t apache_demo .
Sending build context to Docker daemon 3.072 kB
Step 1/7 : FROM ubuntu
 ---> 4c108a37151f
Step 2/7 : RUN apt-get update
 ---> Using cache
 ---> 332338d32122
Step 3/7 : RUN apt-get -y install apache2
 ---> Running in 445bcb08d31d

Reading package lists...
Building dependency tree...
Reading state information...
The following additional packages will be installed:
  apache2-bin apache2-data apache2-utils file libapr1 libaprutil1
  libaprutil1-dbd-sqlite3 libaprutil1-ldap libasn1-8-heimdal libexpat1
  libgdbm-compat4 libgdbm5 libgssapi3-heimdal libhcrypto4-heimdal
  libheimbase1-heimdal libheimntlm0-heimdal libhx509-5-heimdal libicu60
  libkrb5-26-heimdal libldap-2.4-2 libldap-common liblua5.2-0 libmagic-mgc
  libmagic1 libnghttp2-14 libperl5.26 libroken18-heimdal libsasl2-2
  libsasl2-modules libsasl2-modules-db libsqlite3-0 libssl1.1 libwind0-heimdal
  libxml2 mime-support netbase openssl perl perl-modules-5.26 ssl-cert
  xz-utils
Suggested packages:
  www-browser apache2-doc apache2-suexec-pristine | apache2-suexec-custom ufw
  gdbm-l10n libsasl2-modules-gssapi-mit | libsasl2-modules-gssapi-heimdal
  libsasl2-modules-ldap libsasl2-modules-otp libsasl2-modules-sql
  ca-certificates perl-doc libterm-readline-gnu-perl
  | libterm-readline-perl-perl make openssl-blacklist
The following NEW packages will be installed:
  apache2 apache2-bin apache2-data apache2-utils file libapr1 libaprutil1
  libaprutil1-dbd-sqlite3 libaprutil1-ldap libasn1-8-heimdal libexpat1
  libgdbm-compat4 libgdbm5 libgssapi3-heimdal libhcrypto4-heimdal
  libheimbase1-heimdal libheimntlm0-heimdal libhx509-5-heimdal libicu60
  libkrb5-26-heimdal libldap-2.4-2 libldap-common liblua5.2-0 libmagic-mgc
  libmagic1 libnghttp2-14 libperl5.26 libroken18-heimdal libsasl2-2
  libsasl2-modules libsasl2-modules-db libsqlite3-0 libssl1.1 libwind0-heimdal
  libxml2 mime-support netbase openssl perl perl-modules-5.26 ssl-cert
  xz-utils
0 upgraded, 42 newly installed, 0 to remove and 22 not upgraded.
Need to get 21.0 MB of archives.
After this operation, 99.4 MB of additional disk space will be used.
Get:1 http://archive.ubuntu.com/ubuntu bionic-updates/main amd64 perl-modules-5.26 all 5.26.1-6ubuntu0.3 [2763 kB]
Get:2 http://archive.ubuntu.com/ubuntu bionic/main amd64 libgdbm5 amd64 1.14.1-6 [26.0 kB]
Get:3 http://archive.ubuntu.com/ubuntu bionic/main amd64 libgdbm-compat4 amd64 1.14.1-6 [6084 B]
Get:4 http://archive.ubuntu.com/ubuntu bionic-updates/main amd64 libperl5.26
Get:5 http://archive.ubuntu.com/ubuntu bionic-updates/main amd64 perl amd64 5.26.1-6ubuntu0.3 [201 kB]
Get:6 http://archive.ubuntu.com/ubuntu bionic/main amd64 mime-support all 3.60ubuntu1 [30.1 kB]
Get:7 http://archive.ubuntu.com/ubuntu bionic/main amd64 libapr1 amd64 1.6.3-2 [90.9 kB]
Get:8 http://archive.ubuntu.com/ubuntu bionic-updates/main amd64 libexpat1 amd64 2.2.5-3ubuntu0.1 [80.5 kB]
Get:9 http://archive.ubuntu.com/ubuntu bionic-updates/main amd64 libssl1.1 amd64 1.1.1-1ubuntu2.1~18.04.4 [1300 kB]
Get:10 http://archive.ubuntu.com/ubuntu bionic/main amd64 libaprutil1 amd64 1.6.1-2 [84.4 kB]
Get:11 http://archive.ubuntu.com/ubuntu bionic-updates/main amd64 libsqlite3-0 amd64 3.22.0-1ubuntu0.1 [497 kB]
Get:12 http://archive.ubuntu.com/ubuntu bionic/main amd64 libaprutil1-dbd-sqlite3 amd64 1.6.1-2 [10.6 kB]
Get:13 http://archive.ubuntu.com/ubuntu bionic/main amd64 libroken18-heimdal amd64 7.5.0+dfsg-1 [41.3 kB]
Get:14 http://archive.ubuntu.com/ubuntu bionic/main amd64 libasn1-8-heimdal amd64 7.5.0+dfsg-1 [175 kB]
Get:15 http://archive.ubuntu.com/ubuntu bionic/main amd64 libheimbase1-heimdal amd64 7.5.0+dfsg-1 [29.3 kB]
Get:16 http://archive.ubuntu.com/ubuntu bionic/main amd64 libhcrypto4-heimdal amd64 7.5.0+dfsg-1 [85.9 kB]
Get:17 http://archive.ubuntu.com/ubuntu bionic/main amd64 libwind0-heimdal amd64 7.5.0+dfsg-1 [47.8 kB]
Get:18 http://archive.ubuntu.com/ubuntu bionic/main amd64 libhx509-5-heimdal amd64 7.5.0+dfsg-1 [107 kB]
Get:19 http://archive.ubuntu.com/ubuntu bionic/main amd64 libkrb5-26-heimdal amd64 7.5.0+dfsg-1 [206 kB]
Get:20 http://archive.ubuntu.com/ubuntu bionic/main amd64 libheimntlm0-heimdal amd64 7.5.0+dfsg-1 [14.8 kB]
Get:21 http://archive.ubuntu.com/ubuntu bionic/main amd64 libgssapi3-heimdal amd64 7.5.0+dfsg-1 [96.5 kB]
Get:22 http://archive.ubuntu.com/ubuntu bionic/main amd64 libsasl2-modules-db amd64 2.1.27~101-g0780600+dfsg-3ubuntu2 [14.8 kB]
Get:23 http://archive.ubuntu.com/ubuntu bionic/main amd64 libsasl2-2 amd64 2.1.27~101-g0780600+dfsg-3ubuntu2 [49.2 kB]
Get:24 http://archive.ubuntu.com/ubuntu bionic-updates/main amd64 libldap-common all 2.4.45+dfsg-1ubuntu1.4 [16.9 kB]
Get:25 http://archive.ubuntu.com/ubuntu bionic-updates/main amd64 libldap-2.4-2 amd64 2.4.45+dfsg-1ubuntu1.4 [155 kB]
Get:26 http://archive.ubuntu.com/ubuntu bionic/main amd64 libaprutil1-ldap amd64 1.6.1-2 [8764 B]
Get:27 http://archive.ubuntu.com/ubuntu bionic/main amd64 liblua5.2-0 amd64 5.2.4-1.1build1 [108 kB]
Get:28 http://archive.ubuntu.com/ubuntu bionic/main amd64 libnghttp2-14 amd64 1.30.0-1ubuntu1 [77.8 kB]
Get:29 http://archive.ubuntu.com/ubuntu bionic/main amd64 libicu60 amd64 60.2-3ubuntu3 [8054 kB]
Get:30 http://archive.ubuntu.com/ubuntu bionic-updates/main amd64 libxml2 amd64 2.9.4+dfsg1-6.1ubuntu1.2 [663 kB]
Get:31 http://archive.ubuntu.com/ubuntu bionic-updates/main amd64 apache2-bin amd64 2.4.29-1ubuntu4.10 [1071 kB]
Get:32 http://archive.ubuntu.com/ubuntu bionic-updates/main amd64 apache2-utils amd64 2.4.29-1ubuntu4.10 [83.9 kB]
Get:33 http://archive.ubuntu.com/ubuntu bionic-updates/main amd64 apache2-data all 2.4.29-1ubuntu4.10 [160 kB]
Get:34 http://archive.ubuntu.com/ubuntu bionic-updates/main amd64 apache2 amd64 2.4.29-1ubuntu4.10 [95.1 kB]
Get:35 http://archive.ubuntu.com/ubuntu bionic-updates/main amd64 libmagic-mgc amd64 1:5.32-2ubuntu0.2 [184 kB]
Get:36 http://archive.ubuntu.com/ubuntu bionic-updates/main amd64 libmagic1 amd64 1:5.32-2ubuntu0.2 [68.5 kB]
Get:37 http://archive.ubuntu.com/ubuntu bionic-updates/main amd64 file amd64 1:5.32-2ubuntu0.2 [22.1 kB]
Get:38 http://archive.ubuntu.com/ubuntu bionic/main amd64 netbase all 5.4 [12.7 kB]
Get:39 http://archive.ubuntu.com/ubuntu bionic-updates/main amd64 openssl amd
Get:40 http://archive.ubuntu.com/ubuntu bionic/main amd64 xz-utils amd64 5.2.2-1.3 [83.8 kB]
Get:41 http://archive.ubuntu.com/ubuntu bionic/main amd64 libsasl2-modules amd64 2.1.27~101-g0780600+dfsg-3ubuntu2 [48.7 kB]
Get:42 http://archive.ubuntu.com/ubuntu bionic/main amd64 ssl-cert all 1.0.39 [17.0 kB]
debconf: delaying package configuration, since apt-utils is not installed
Fetched 21.0 MB in 20s (1041 kB/s)
Selecting previously unselected package perl-modules-5.26.
(Reading database ... 4040 files and directories currently installed.)
Preparing to unpack .../00-perl-modules-5.26_5.26.1-6ubuntu0.3_all.deb ...
Unpacking perl-modules-5.26 (5.26.1-6ubuntu0.3) ...
Selecting previously unselected package libgdbm5:amd64.
Preparing to unpack .../01-libgdbm5_1.14.1-6_amd64.deb ...
Unpacking libgdbm5:amd64 (1.14.1-6) ...
Selecting previously unselected package libgdbm-compat4:amd64.
Preparing to unpack .../02-libgdbm-compat4_1.14.1-6_amd64.deb ...
Unpacking libgdbm-compat4:amd64 (1.14.1-6) ...
Selecting previously unselected package libperl5.26:amd64.
Preparing to unpack .../03-libperl5.26_5.26.1-6ubuntu0.3_amd64.deb ...
Unpacking libperl5.26:amd64 (5.26.1-6ubuntu0.3) ...
Selecting previously unselected package perl.
Preparing to unpack .../04-perl_5.26.1-6ubuntu0.3_amd64.deb ...
Unpacking perl (5.26.1-6ubuntu0.3) ...
Selecting previously unselected package mime-support.
Preparing to unpack .../05-mime-support_3.60ubuntu1_all.deb ...
Unpacking mime-support (3.60ubuntu1) ...
Selecting previously unselected package libapr1:amd64.
Preparing to unpack .../06-libapr1_1.6.3-2_amd64.deb ...
Unpacking libapr1:amd64 (1.6.3-2) ...
Selecting previously unselected package libexpat1:amd64.
Preparing to unpack .../07-libexpat1_2.2.5-3ubuntu0.1_amd64.deb ...
Unpacking libexpat1:amd64 (2.2.5-3ubuntu0.1) ...
Selecting previously unselected package libssl1.1:amd64.
Preparing to unpack .../08-libssl1.1_1.1.1-1ubuntu2.1~18.04.4_amd64.deb ...
Unpacking libssl1.1:amd64 (1.1.1-1ubuntu2.1~18.04.4) ...
Selecting previously unselected package libaprutil1:amd64.
Preparing to unpack .../09-libaprutil1_1.6.1-2_amd64.deb ...
Unpacking libaprutil1:amd64 (1.6.1-2) ...
Selecting previously unselected package libsqlite3-0:amd64.
Preparing to unpack .../10-libsqlite3-0_3.22.0-1ubuntu0.1_amd64.deb ...
Unpacking libsqlite3-0:amd64 (3.22.0-1ubuntu0.1) ...
Selecting previously unselected package libaprutil1-dbd-sqlite3:amd64.
Preparing to unpack .../11-libaprutil1-dbd-sqlite3_1.6.1-2_amd64.deb ...
Unpacking libaprutil1-dbd-sqlite3:amd64 (1.6.1-2) ...
Selecting previously unselected package libroken18-heimdal:amd64.
Preparing to unpack .../12-libroken18-heimdal_7.5.0+dfsg-1_amd64.deb ...
Unpacking libroken18-heimdal:amd64 (7.5.0+dfsg-1) ...
Selecting previously unselected package libasn1-8-heimdal:amd64.
Preparing to unpack .../13-libasn1-8-heimdal_7.5.0+dfsg-1_amd64.deb ...
Unpacking libasn1-8-heimdal:amd64 (7.5.0+dfsg-1) ...
Selecting previously unselected package libheimbase1-heimdal:amd64.
Preparing to unpack .../14-libheimbase1-heimdal_7.5.0+dfsg-1_amd64.deb ...
Unpacking libheimbase1-heimdal:amd64 (7.5.0+dfsg-1) ...
Selecting previously unselected package libhcrypto4-heimdal:amd64.
Preparing to unpack .../15-libhcrypto4-heimdal_7.5.0+dfsg-1_amd64.deb ...
Unpacking libhcrypto4-heimdal:amd64 (7.5.0+dfsg-1) ...
Selecting previously unselected package libwind0-heimdal:amd64.
Preparing to unpack .../16-libwind0-heimdal_7.5.0+dfsg-1_amd64.deb ...
Unpacking libwind0-heimdal:amd64 (7.5.0+dfsg-1) ...
Selecting previously unselected package libhx509-5-heimdal:amd64.
Preparing to unpack .../17-libhx509-5-heimdal_7.5.0+dfsg-1_amd64.deb ...
Unpacking libhx509-5-heimdal:amd64 (7.5.0+dfsg-1) ...
Selecting previously unselected package libkrb5-26-heimdal:amd64.
Preparing to unpack .../18-libkrb5-26-heimdal_7.5.0+dfsg-1_amd64.deb ...
Unpacking libkrb5-26-heimdal:amd64 (7.5.0+dfsg-1) ...
Selecting previously unselected package libheimntlm0-heimdal:amd64.
Preparing to unpack .../19-libheimntlm0-heimdal_7.5.0+dfsg-1_amd64.deb ...
Unpacking libheimntlm0-heimdal:amd64 (7.5.0+dfsg-1) ...
Selecting previously unselected package libgssapi3-heimdal:amd64.
Preparing to unpack .../20-libgssapi3-heimdal_7.5.0+dfsg-1_amd64.deb ...
Unpacking libgssapi3-heimdal:amd64 (7.5.0+dfsg-1) ...
Selecting previously unselected package libsasl2-modules-db:amd64.
Preparing to unpack .../21-libsasl2-modules-db_2.1.27~101-g0780600+dfsg-3ubuntu2_amd64.deb ...
Unpacking libsasl2-modules-db:amd64 (2.1.27~101-g0780600+dfsg-3ubuntu2) ...
Selecting previously unselected package libsasl2-2:amd64.
Preparing to unpack .../22-libsasl2-2_2.1.27~101-g0780600+dfsg-3ubuntu2_amd6
Unpacking libsasl2-2:amd64 (2.1.27~101-g0780600+dfsg-3ubuntu2) ...
Selecting previously unselected package libldap-common.
Preparing to unpack .../23-libldap-common_2.4.45+dfsg-1ubuntu1.4_all.deb ...
Unpacking libldap-common (2.4.45+dfsg-1ubuntu1.4) ...
Selecting previously unselected package libldap-2.4-2:amd64.
Preparing to unpack .../24-libldap-2.4-2_2.4.45+dfsg-1ubuntu1.4_amd64.deb ...
Unpacking libldap-2.4-2:amd64 (2.4.45+dfsg-1ubuntu1.4) ...
Selecting previously unselected package libaprutil1-ldap:amd64.
Preparing to unpack .../25-libaprutil1-ldap_1.6.1-2_amd64.deb ...
Unpacking libaprutil1-ldap:amd64 (1.6.1-2) ...
Selecting previously unselected package liblua5.2-0:amd64.
Preparing to unpack .../26-liblua5.2-0_5.2.4-1.1build1_amd64.deb ...
Unpacking liblua5.2-0:amd64 (5.2.4-1.1build1) ...
Selecting previously unselected package libnghttp2-14:amd64.
Preparing to unpack .../27-libnghttp2-14_1.30.0-1ubuntu1_amd64.deb ...
Unpacking libnghttp2-14:amd64 (1.30.0-1ubuntu1) ...
Selecting previously unselected package libicu60:amd64.
Preparing to unpack .../28-libicu60_60.2-3ubuntu3_amd64.deb ...
Unpacking libicu60:amd64 (60.2-3ubuntu3) ...
Selecting previously unselected package libxml2:amd64.
Preparing to unpack .../29-libxml2_2.9.4+dfsg1-6.1ubuntu1.2_amd64.deb ...
Unpacking libxml2:amd64 (2.9.4+dfsg1-6.1ubuntu1.2) ...
Selecting previously unselected package apache2-bin.
Preparing to unpack .../30-apache2-bin_2.4.29-1ubuntu4.10_amd64.deb ...
Unpacking apache2-bin (2.4.29-1ubuntu4.10) ...
Selecting previously unselected package apache2-utils.
Preparing to unpack .../31-apache2-utils_2.4.29-1ubuntu4.10_amd64.deb ...
Unpacking apache2-utils (2.4.29-1ubuntu4.10) ...
Selecting previously unselected package apache2-data.
Preparing to unpack .../32-apache2-data_2.4.29-1ubuntu4.10_all.deb ...
Unpacking apache2-data (2.4.29-1ubuntu4.10) ...
Selecting previously unselected package apache2.
Preparing to unpack .../33-apache2_2.4.29-1ubuntu4.10_amd64.deb ...
Unpacking apache2 (2.4.29-1ubuntu4.10) ...
Selecting previously unselected package libmagic-mgc.
Preparing to unpack .../34-libmagic-mgc_1%3a5.32-2ubuntu0.2_amd64.deb ...
Unpacking libmagic-mgc (1:5.32-2ubuntu0.2) ...
Selecting previously unselected package libmagic1:amd64.
Preparing to unpack .../35-libmagic1_1%3a5.32-2ubuntu0.2_amd64.deb ...
Unpacking libsasl2-2:amd64 (2.1.27~101-g0780600+dfsg-3ubuntu2) ...
Selecting previously unselected package libldap-common.
Preparing to unpack .../23-libldap-common_2.4.45+dfsg-1ubuntu1.4_all.deb ...
Unpacking libldap-common (2.4.45+dfsg-1ubuntu1.4) ...
Selecting previously unselected package libldap-2.4-2:amd64.
Preparing to unpack .../24-libldap-2.4-2_2.4.45+dfsg-1ubuntu1.4_amd64.deb ...
Unpacking libldap-2.4-2:amd64 (2.4.45+dfsg-1ubuntu1.4) ...
Selecting previously unselected package libaprutil1-ldap:amd64.
Preparing to unpack .../25-libaprutil1-ldap_1.6.1-2_amd64.deb ...
Unpacking libaprutil1-ldap:amd64 (1.6.1-2) ...
Selecting previously unselected package liblua5.2-0:amd64.
Preparing to unpack .../26-liblua5.2-0_5.2.4-1.1build1_amd64.deb ...
Unpacking liblua5.2-0:amd64 (5.2.4-1.1build1) ...
Selecting previously unselected package libnghttp2-14:amd64.
Preparing to unpack .../27-libnghttp2-14_1.30.0-1ubuntu1_amd64.deb ...
Unpacking libnghttp2-14:amd64 (1.30.0-1ubuntu1) ...
Selecting previously unselected package libicu60:amd64.
Preparing to unpack .../28-libicu60_60.2-3ubuntu3_amd64.deb ...
Unpacking libicu60:amd64 (60.2-3ubuntu3) ...
Selecting previously unselected package libxml2:amd64.
Preparing to unpack .../29-libxml2_2.9.4+dfsg1-6.1ubuntu1.2_amd64.deb ...
Unpacking libxml2:amd64 (2.9.4+dfsg1-6.1ubuntu1.2) ...
Selecting previously unselected package apache2-bin.
Preparing to unpack .../30-apache2-bin_2.4.29-1ubuntu4.10_amd64.deb ...
Unpacking apache2-bin (2.4.29-1ubuntu4.10) ...
Selecting previously unselected package apache2-utils.
Preparing to unpack .../31-apache2-utils_2.4.29-1ubuntu4.10_amd64.deb ...
Unpacking apache2-utils (2.4.29-1ubuntu4.10) ...
Selecting previously unselected package apache2-data.
Preparing to unpack .../32-apache2-data_2.4.29-1ubuntu4.10_all.deb ...
Unpacking apache2-data (2.4.29-1ubuntu4.10) ...
Selecting previously unselected package apache2.
Preparing to unpack .../33-apache2_2.4.29-1ubuntu4.10_amd64.deb ...
Unpacking apache2 (2.4.29-1ubuntu4.10) ...
Selecting previously unselected package libmagic-mgc.
Preparing to unpack .../34-libmagic-mgc_1%3a5.32-2ubuntu0.2_amd64.deb ...
Unpacking libmagic-mgc (1:5.32-2ubuntu0.2) ...
Selecting previously unselected package libmagic1:amd64.
Preparing to unpack .../35-libmagic1_1%3a5.32-2ubuntu0.2_amd64.deb ...
Unpacking xz-utils (5.2.2-1.3) ...
Selecting previously unselected package libsasl2-modules:amd64.
Preparing to unpack .../40-libsasl2-modules_2.1.27~101-g0780600+dfsg-3ubuntu2_amd64.deb ...
Unpacking libsasl2-modules:amd64 (2.1.27~101-g0780600+dfsg-3ubuntu2) ...
Selecting previously unselected package ssl-cert.
Preparing to unpack .../41-ssl-cert_1.0.39_all.deb ...
Unpacking ssl-cert (1.0.39) ...
Setting up libapr1:amd64 (1.6.3-2) ...
Setting up libexpat1:amd64 (2.2.5-3ubuntu0.1) ...
Setting up libicu60:amd64 (60.2-3ubuntu3) ...
Setting up libnghttp2-14:amd64 (1.30.0-1ubuntu1) ...
Setting up mime-support (3.60ubuntu1) ...
Setting up libldap-common (2.4.45+dfsg-1ubuntu1.4) ...
Setting up libsasl2-modules-db:amd64 (2.1.27~101-g0780600+dfsg-3ubuntu2) ...
Setting up libsasl2-2:amd64 (2.1.27~101-g0780600+dfsg-3ubuntu2) ...
Setting up apache2-data (2.4.29-1ubuntu4.10) ...
Setting up libroken18-heimdal:amd64 (7.5.0+dfsg-1) ...
Setting up perl-modules-5.26 (5.26.1-6ubuntu0.3) ...
Setting up libgdbm5:amd64 (1.14.1-6) ...
Setting up libxml2:amd64 (2.9.4+dfsg1-6.1ubuntu1.2) ...
Setting up libmagic-mgc (1:5.32-2ubuntu0.2) ...
Setting up libmagic1:amd64 (1:5.32-2ubuntu0.2) ...
Processing triggers for libc-bin (2.27-3ubuntu1) ...
Setting up libssl1.1:amd64 (1.1.1-1ubuntu2.1~18.04.4) ...
debconf: unable to initialize frontend: Dialog
debconf: (TERM is not set, so the dialog frontend is not usable.)
debconf: falling back to frontend: Readline
Setting up xz-utils (5.2.2-1.3) ...
update-alternatives: using /usr/bin/xz to provide /usr/bin/lzma (lzma) in auto mode
update-alternatives: warning: skip creation of /usr/share/man/man1/lzma.1.gz because associated file /usr/share/man/man1/xz.1.gz (of link group lzma) doesn't exist
update-alternatives: warning: skip creation of /usr/share/man/man1/unlzma.1.gz because associated file /usr/share/man/man1/unxz.1.gz (of link group lzma) doesn't exist
update-alternatives: warning: skip creation of /usr/share/man/man1/lzcat.1.gz because associated file /usr/share/man/man1/xzcat.1.gz (of link group lzma) doesn't exist
update-alternatives: warning: skip creation of /usr/share/man/man1/lzmore.1.
sn't exist
update-alternatives: warning: skip creation of /usr/share/man/man1/lzless.1.gz because associated file /usr/share/man/man1/xzless.1.gz (of link group lzma) doesn't exist
update-alternatives: warning: skip creation of /usr/share/man/man1/lzdiff.1.gz because associated file /usr/share/man/man1/xzdiff.1.gz (of link group lzma) doesn't exist
update-alternatives: warning: skip creation of /usr/share/man/man1/lzcmp.1.gz because associated file /usr/share/man/man1/xzcmp.1.gz (of link group lzma) doesn't exist
update-alternatives: warning: skip creation of /usr/share/man/man1/lzgrep.1.gz because associated file /usr/share/man/man1/xzgrep.1.gz (of link group lzma) doesn't exist
update-alternatives: warning: skip creation of /usr/share/man/man1/lzegrep.1.gz because associated file /usr/share/man/man1/xzegrep.1.gz (of link group lzma) doesn't exist
update-alternatives: warning: skip creation of /usr/share/man/man1/lzfgrep.1.gz because associated file /usr/share/man/man1/xzfgrep.1.gz (of link group lzma) doesn't exist
Setting up libaprutil1:amd64 (1.6.1-2) ...
Setting up libheimbase1-heimdal:amd64 (7.5.0+dfsg-1) ...
Setting up openssl (1.1.1-1ubuntu2.1~18.04.4) ...
Setting up libsqlite3-0:amd64 (3.22.0-1ubuntu0.1) ...
Setting up liblua5.2-0:amd64 (5.2.4-1.1build1) ...
Setting up libgdbm-compat4:amd64 (1.14.1-6) ...
Setting up libsasl2-modules:amd64 (2.1.27~101-g0780600+dfsg-3ubuntu2) ...
Setting up netbase (5.4) ...
Setting up libwind0-heimdal:amd64 (7.5.0+dfsg-1) ...
Setting up libaprutil1-dbd-sqlite3:amd64 (1.6.1-2) ...
Setting up apache2-utils (2.4.29-1ubuntu4.10) ...
Setting up libasn1-8-heimdal:amd64 (7.5.0+dfsg-1) ...
Setting up libhcrypto4-heimdal:amd64 (7.5.0+dfsg-1) ...
Setting up ssl-cert (1.0.39) ...
debconf: unable to initialize frontend: Dialog
debconf: (TERM is not set, so the dialog frontend is not usable.)
debconf: falling back to frontend: Readline
Setting up file (1:5.32-2ubuntu0.2) ...
Setting up libhx509-5-heimdal:amd64 (7.5.0+dfsg-1) ...
Setting up libperl5.26:amd64 (5.26.1-6ubuntu0.3) ...
Setting up libkrb5-26-heimdal:amd64 (7.5.0+dfsg-1) ...
Setting up libheimntlm0-heimdal:amd64 (7.5.0+dfsg-1) ...
Setting up perl (5.26.1-6ubuntu0.3) ...
Setting up libgssapi3-heimdal:amd64 (7.5.0+dfsg-1) ...
Setting up libldap-2.4-2:amd64 (2.4.45+dfsg-1ubuntu1.4) ...
Setting up libaprutil1-ldap:amd64 (1.6.1-2) ...
Setting up apache2-bin (2.4.29-1ubuntu4.10) ...
Setting up apache2 (2.4.29-1ubuntu4.10) ...
Enabling module mpm_event.
Enabling module authz_core.
Enabling module authz_host.
Enabling module authn_core.
Enabling module auth_basic.
Enabling module access_compat.
Enabling module authn_file.
Enabling module authz_user.
Enabling module alias.
Enabling module dir.
Enabling module autoindex.
Enabling module env.
Enabling module mime.
Enabling module negotiation.
Enabling module setenvif.
Enabling module filter.
Enabling module deflate.
Enabling module status.
Enabling module reqtimeout.
Enabling conf charset.
Enabling conf localized-error-pages.
Enabling conf other-vhosts-access-log.
Enabling conf security.
Enabling conf serve-cgi-bin.
Enabling site 000-default.
invoke-rc.d: could not determine current runlevel
invoke-rc.d: policy-rc.d denied execution of start.
Processing triggers for libc-bin (2.27-3ubuntu1) ...
 ---> 8649000db6a3
Removing intermediate container 445bcb08d31d
Step 4/7 : ADD index.html /var/www/html/
 ---> ddbc73e8c22b
Removing intermediate container 70347f1d768e
Step 5/7 : ENTRYPOINT apachectl -D FOREGROUND
 ---> Running in d733e281050d
 ---> 3055b9b2f00b
Removing intermediate container d733e281050d
Step 6/7 : EXPOSE 80
 ---> Running in 64bc0becef7e
 ---> 996e44ace347
Removing intermediate container 64bc0becef7e
Step 7/7 : ENV name DEVOPSDEMO
 ---> Running in 02d73b9a9fb8
 ---> c31efa7db233
Removing intermediate container 02d73b9a9fb8
Successfully built c31efa7db233
[root@docker docker]# docker images
REPOSITORY              TAG                 IMAGE ID            CREATED             SIZE
apache_demo             latest              c31efa7db233        38 seconds ago      188 MB
docker.io/ubuntu        latest              4c108a37151f        2 months ago        64.2 MB
docker.io/hello-world   latest              fce289e99eb9        8 months ago        1.84 kB
docker.io/jenkins       latest              cd14cecfdb3a        14 months ago       696 MB
[root@docker docker]# docker run -d -p 8083:80 apache demo
Unable to find image 'apache:latest' locally
Trying to pull repository docker.io/library/apache ... 
/usr/bin/docker-current: repository docker.io/apache not found: does not exist or no pull access.
See '/usr/bin/docker-current run --help'.
[root@docker docker]# docker run -d -p 8083:80 apache_demo
6cfbbd7ffc922635216bd0684cc910237b08c85814de3f75bab6eea66076ea17
[root@docker docker]# docker ps
CONTAINER ID        IMAGE               COMMAND                  CREATED             STATUS              PORTS                  NAMES
6cfbbd7ffc92        apache_demo         "/bin/sh -c 'apach..."   4 minutes ago       Up 4 minutes        0.0.0.0:8083->80/tcp   sharp_jang
[root@docker docker]# docker images
REPOSITORY              TAG                 IMAGE ID            CREATED             SIZE
apache_demo             latest              c31efa7db233        17 minutes ago      188 MB
docker.io/ubuntu        latest              4c108a37151f        2 months ago        64.2 MB
docker.io/hello-world   latest              fce289e99eb9        8 months ago        1.84 kB
docker.io/jenkins       latest              cd14cecfdb3a        14 months ago       696 MB
[root@docker docker]# docker login
Login with your Docker ID to push and pull images from Docker Hub. If you don't have a Docker ID, head over to https://hub.docker.com to create one.
Username: ereamico4
Password: 
Login Succeeded
[root@docker docker]# docker tag apache_demo ereamico4/apache_demo
[root@docker docker]# docker images
REPOSITORY              TAG                 IMAGE ID            CREATED 
 SIZE
apache_demo             latest              c31efa7db233        22 minutes ago      188 MB
ereamico4/apache_demo   latest              c31efa7db233        22 minutes ago      188 MB
docker.io/ubuntu        latest              4c108a37151f        2 months ago        64.2 MB
docker.io/hello-world   latest              fce289e99eb9        8 months ago        1.84 kB
docker.io/jenkins       latest              cd14cecfdb3a        14 months ago       696 MB
[root@docker docker]# docker push ereamico4/apache_dem
The push refers to a repository [docker.io/ereamico4/apache_dem]
An image does not exist locally with the tag: docker.io/ereamico4/apache_dem
[root@docker docker]# docker push ereamico4/apache_demo   
The push refers to a repository [docker.io/ereamico4/apache_demo]
9e8a74dce5bc: Pushed 
8ce824608691: Pushed 
a1994e034edf: Pushed 
75e70aa52609: Mounted from library/ubuntu 
dda151859818: Mounted from library/ubuntu 
fbd2732ad777: Mounted from library/ubuntu 
ba9de9d8475e: Mounted from library/ubuntu 
latest: digest: sha256:075ff90d60a86144ec478bd7a484f9afabbc2daf557cf1b24ce07ff820ca5c1b size: 1783
[root@docker docker]# 